{
    "ckt_netlist": [
        {
            "component_type": "PMOS",
            "port_connection": {
                "Drain": "net2",
                "Gate": "net1",
                "Source": "vdd!"
            }
        },
        {
            "component_type": "PMOS",
            "port_connection": {
                "Drain": "net7",
                "Gate": "net1",
                "Source": "vdd!"
            }
        },
        {
            "component_type": "PMOS",
            "port_connection": {
                "Drain": "net4",
                "Gate": "net1",
                "Source": "vdd!"
            }
        },
        {
            "component_type": "Res",
            "port_connection": {
                "Neg": "net5",
                "Pos": "net4"
            }
        },
        {
            "component_type": "Res",
            "port_connection": {
                "Neg": "GND",
                "Pos": "net2"
            }
        },
        {
            "component_type": "Res",
            "port_connection": {
                "Neg": "GND",
                "Pos": "net3"
            }
        },
        {
            "component_type": "Res",
            "port_connection": {
                "Neg": "net3",
                "Pos": "net4"
            }
        },
        {
            "component_type": "Res",
            "port_connection": {
                "Neg": "GND",
                "Pos": "net6"
            }
        },
        {
            "component_type": "Res",
            "port_connection": {
                "Neg": "net6",
                "Pos": "net7"
            }
        },
        {
            "component_type": "PNP",
            "port_connection": {
                "Base": "GND",
                "Collector": "GND",
                "Emitter": "net5"
            }
        },
        {
            "component_type": "PNP",
            "port_connection": {
                "Base": "GND",
                "Collector": "GND",
                "Emitter": "net7"
            }
        },
        {
            "component_type": "Diso_amp",
            "port_connection": {
                "InN": "net6",
                "InP": "net3",
                "Out": "net1"
            }
        }
    ],
    "ckt_type": "Bandgap"
}