{
    "ckt_netlist": [
        {
            "component_type": "NMOS",
            "port_connection": {
                "Drain": "net11",
                "Gate": "net1",
                "Source": "GND"
            }
        },
        {
            "component_type": "NMOS",
            "port_connection": {
                "Drain": "net10",
                "Gate": "net6",
                "Source": "GND"
            }
        },
        {
            "component_type": "NMOS",
            "port_connection": {
                "Drain": "net7",
                "Gate": "net9",
                "Source": "GND"
            }
        },
        {
            "component_type": "NMOS",
            "port_connection": {
                "Drain": "net6",
                "Gate": "net8",
                "Source": "net7"
            }
        },
        {
            "component_type": "NMOS",
            "port_connection": {
                "Drain": "net2",
                "Gate": "net5",
                "Source": "GND"
            }
        },
        {
            "component_type": "NMOS",
            "port_connection": {
                "Drain": "net1",
                "Gate": "net3",
                "Source": "net2"
            }
        },
        {
            "component_type": "PMOS",
            "port_connection": {
                "Drain": "net27",
                "Gate": "GND",
                "Source": "net6"
            }
        },
        {
            "component_type": "PMOS",
            "port_connection": {
                "Drain": "net26",
                "Gate": "GND",
                "Source": "net1"
            }
        },
        {
            "component_type": "PMOS",
            "port_connection": {
                "Drain": "net10",
                "Gate": "net25",
                "Source": "net12"
            }
        },
        {
            "component_type": "PMOS",
            "port_connection": {
                "Drain": "net22",
                "Gate": "net24",
                "Source": "net12"
            }
        },
        {
            "component_type": "PMOS",
            "port_connection": {
                "Drain": "net6",
                "Gate": "net23",
                "Source": "net22"
            }
        },
        {
            "component_type": "PMOS",
            "port_connection": {
                "Drain": "net7",
                "Gate": "net21",
                "Source": "net17",
                "Body": "net17"
            }
        },
        {
            "component_type": "PMOS",
            "port_connection": {
                "Drain": "net17",
                "Gate": "net20",
                "Source": "net12"
            }
        },
        {
            "component_type": "PMOS",
            "port_connection": {
                "Drain": "net2",
                "Gate": "net18",
                "Source": "net17",
                "Body": "net17"
            }
        },
        {
            "component_type": "PMOS",
            "port_connection": {
                "Drain": "net14",
                "Gate": "net16",
                "Source": "net12"
            }
        },
        {
            "component_type": "PMOS",
            "port_connection": {
                "Drain": "net1",
                "Gate": "net15",
                "Source": "net14"
            }
        },
        {
            "component_type": "PMOS",
            "port_connection": {
                "Drain": "net11",
                "Gate": "net13",
                "Source": "net12"
            }
        },
        {
            "component_type": "Cap",
            "port_connection": {
                "Neg": "net10",
                "Pos": "net27"
            }
        },
        {
            "component_type": "Cap",
            "port_connection": {
                "Neg": "net26",
                "Pos": "net11"
            }
        }
    ],
    "ckt_type": "DIDO-Amplifier"
}