{
    "ckt_netlist": [
        {
            "component_type": "PMOS",
            "port_connection": {
                "Drain": "net5",
                "Gate": "CLK",
                "Source": "net2"
            }
        },
        {
            "component_type": "PMOS",
            "port_connection": {
                "Drain": "net4",
                "Gate": "CLK",
                "Source": "net2"
            }
        },
        {
            "component_type": "PMOS",
            "port_connection": {
                "Drain": "net3",
                "Gate": "CLK",
                "Source": "net2"
            }
        },
        {
            "component_type": "PMOS",
            "port_connection": {
                "Drain": "OUTP",
                "Gate": "OUTN",
                "Source": "net1"
            }
        },
        {
            "component_type": "PMOS",
            "port_connection": {
                "Drain": "OUTN",
                "Gate": "OUTP",
                "Source": "net1"
            }
        },
        {
            "component_type": "PMOS",
            "port_connection": {
                "Drain": "net1",
                "Gate": "net3",
                "Source": "net2"
            }
        },
        {
            "component_type": "NMOS",
            "port_connection": {
                "Drain": "net6",
                "Gate": "CLK",
                "Source": "GND"
            }
        },
        {
            "component_type": "NMOS",
            "port_connection": {
                "Drain": "net3",
                "Gate": "CLK",
                "Source": "GND"
            }
        },
        {
            "component_type": "NMOS",
            "port_connection": {
                "Drain": "OUTN",
                "Gate": "net4",
                "Source": "GND"
            }
        },
        {
            "component_type": "NMOS",
            "port_connection": {
                "Drain": "OUTP",
                "Gate": "OUTN",
                "Source": "GND"
            }
        },
        {
            "component_type": "NMOS",
            "port_connection": {
                "Drain": "OUTN",
                "Gate": "OUTP",
                "Source": "GND"
            }
        },
        {
            "component_type": "NMOS",
            "port_connection": {
                "Drain": "OUTP",
                "Gate": "net5",
                "Source": "GND"
            }
        },
        {
            "component_type": "NMOS",
            "port_connection": {
                "Drain": "net5",
                "Gate": "VINP",
                "Source": "net6"
            }
        },
        {
            "component_type": "NMOS",
            "port_connection": {
                "Drain": "net4",
                "Gate": "VINN",
                "Source": "net6"
            }
        }
    ],
    "ckt_type": "Comparator"
}