{
    "ckt_netlist": [
        {
            "component_type": "PNP",
            "port_connection": {
                "Base": "net4",
                "Collector": "net4",
                "Emitter": "net3"
            }
        },
        {
            "component_type": "PNP",
            "port_connection": {
                "Base": "net4",
                "Collector": "net4",
                "Emitter": "net1"
            }
        },
        {
            "component_type": "Res",
            "port_connection": {
                "Neg": "net1",
                "Pos": "VREF"
            }
        },
        {
            "component_type": "Res",
            "port_connection": {
                "Neg": "net2",
                "Pos": "VREF"
            }
        },
        {
            "component_type": "Res",
            "port_connection": {
                "Neg": "net3",
                "Pos": "net2"
            }
        },
        {
            "component_type": "Diso_amp",
            "port_connection": {
                "InN": "net2",
                "InP": "net1",
                "Out": "VREF"
            }
        }
    ],
    "ckt_type": "Bandgap"
}