{
    "ckt_netlist": [
        {
            "component_type": "PMOS",
            "port_connection": {
                "Drain": "VOUT",
                "Gate": "VBP",
                "Source": "net6"
            }
        },
        {
            "component_type": "PMOS",
            "port_connection": {
                "Drain": "net6",
                "Gate": "net3",
                "Source": "vdd!"
            }
        },
        {
            "component_type": "PMOS",
            "port_connection": {
                "Drain": "net4",
                "Gate": "net2",
                "Source": "vdd!"
            }
        },
        {
            "component_type": "PMOS",
            "port_connection": {
                "Drain": "net2",
                "Gate": "net2",
                "Source": "vdd!"
            }
        },
        {
            "component_type": "PMOS",
            "port_connection": {
                "Drain": "net3",
                "Gate": "net3",
                "Source": "vdd!"
            }
        },
        {
            "component_type": "NMOS",
            "port_connection": {
                "Drain": "net5",
                "Gate": "net4",
                "Source": "0"
            }
        },
        {
            "component_type": "NMOS",
            "port_connection": {
                "Drain": "net4",
                "Gate": "net4",
                "Source": "0"
            }
        },
        {
            "component_type": "NMOS",
            "port_connection": {
                "Drain": "net1",
                "Gate": "VBIAS",
                "Source": "0"
            }
        },
        {
            "component_type": "NMOS",
            "port_connection": {
                "Drain": "net3",
                "Gate": "V1",
                "Source": "net1"
            }
        },
        {
            "component_type": "NMOS",
            "port_connection": {
                "Drain": "net2",
                "Gate": "v2",
                "Source": "net1"
            }
        },
        {
            "component_type": "NMOS",
            "port_connection": {
                "Drain": "VOUT",
                "Gate": "VBN",
                "Source": "net5"
            }
        },
        {
            "component_type": "Cap",
            "port_connection": {
                "Neg": "0",
                "Pos": "VOUT"
            }
        }
    ],
    "ckt_type": "DISO-Amplifier"
}