{
    "ckt_netlist": [
        {
            "component_type": "PMOS",
            "port_connection": {
                "Drain": "net2",
                "Gate": "VIN",
                "Source": "net8"
            }
        },
        {
            "component_type": "PMOS",
            "port_connection": {
                "Drain": "net2",
                "Gate": "VIP",
                "Source": "net3"
            }
        },
        {
            "component_type": "PMOS",
            "port_connection": {
                "Drain": "net8",
                "Gate": "VB1",
                "Source": "net5"
            }
        },
        {
            "component_type": "PMOS",
            "port_connection": {
                "Drain": "Vo",
                "Gate": "net6",
                "Source": "net5"
            }
        },
        {
            "component_type": "PMOS",
            "port_connection": {
                "Drain": "net6",
                "Gate": "net6",
                "Source": "net5"
            }
        },
        {
            "component_type": "PMOS",
            "port_connection": {
                "Drain": "net1",
                "Gate": "net4",
                "Source": "net5"
            }
        },
        {
            "component_type": "PMOS",
            "port_connection": {
                "Drain": "net3",
                "Gate": "net4",
                "Source": "net5"
            }
        },
        {
            "component_type": "NMOS",
            "port_connection": {
                "Drain": "net1",
                "Gate": "net1",
                "Source": "net2"
            }
        },
        {
            "component_type": "NMOS",
            "port_connection": {
                "Drain": "net7",
                "Gate": "net1",
                "Source": "net2"
            }
        },
        {
            "component_type": "NMOS",
            "port_connection": {
                "Drain": "Vo",
                "Gate": "net8",
                "Source": "net7"
            }
        },
        {
            "component_type": "NMOS",
            "port_connection": {
                "Drain": "net6",
                "Gate": "net3",
                "Source": "net7"
            }
        }
    ],
    "ckt_type": "DISO-Amplifier"
}