{
    "ckt_netlist": [
        {
            "component_type": "PMOS",
            "port_connection": {
                "Drain": "net2",
                "Gate": "latch2",
                "Source": "vdd!"
            }
        },
        {
            "component_type": "PMOS",
            "port_connection": {
                "Drain": "vout\\+",
                "Gate": "latch2",
                "Source": "vdd!"
            }
        },
        {
            "component_type": "PMOS",
            "port_connection": {
                "Drain": "vout\\+",
                "Gate": "vout\\-",
                "Source": "vdd!"
            }
        },
        {
            "component_type": "PMOS",
            "port_connection": {
                "Drain": "vout\\-",
                "Gate": "vout\\+",
                "Source": "vdd!"
            }
        },
        {
            "component_type": "PMOS",
            "port_connection": {
                "Drain": "vout\\-",
                "Gate": "latch1",
                "Source": "vdd!"
            }
        },
        {
            "component_type": "PMOS",
            "port_connection": {
                "Drain": "net1",
                "Gate": "latch1",
                "Source": "vdd!"
            }
        },
        {
            "component_type": "NMOS",
            "port_connection": {
                "Drain": "net4",
                "Gate": "latch3",
                "Source": "GND"
            }
        },
        {
            "component_type": "NMOS",
            "port_connection": {
                "Drain": "net2",
                "Gate": "vinn",
                "Source": "net4"
            }
        },
        {
            "component_type": "NMOS",
            "port_connection": {
                "Drain": "net1",
                "Gate": "vinp",
                "Source": "net4"
            }
        },
        {
            "component_type": "NMOS",
            "port_connection": {
                "Drain": "net1",
                "Gate": "vrefn",
                "Source": "net4"
            }
        },
        {
            "component_type": "NMOS",
            "port_connection": {
                "Drain": "net2",
                "Gate": "vrefp",
                "Source": "net4"
            }
        },
        {
            "component_type": "NMOS",
            "port_connection": {
                "Drain": "vout\\+",
                "Gate": "vout\\-",
                "Source": "net2"
            }
        },
        {
            "component_type": "NMOS",
            "port_connection": {
                "Drain": "vout\\-",
                "Gate": "vout\\+",
                "Source": "net1"
            }
        }
    ],
    "ckt_type": "Comparator"
}