{
    "ckt_netlist": [
        {
            "component_type": "Res",
            "port_connection": {
                "Neg": "GND",
                "Pos": "VOUT"
            }
        },
        {
            "component_type": "Res",
            "port_connection": {
                "Neg": "net3",
                "Pos": "net1"
            }
        },
        {
            "component_type": "Res",
            "port_connection": {
                "Neg": "net2",
                "Pos": "VOUT"
            }
        },
        {
            "component_type": "Res",
            "port_connection": {
                "Neg": "net1",
                "Pos": "VOUT"
            }
        },
        {
            "component_type": "PNP",
            "port_connection": {
                "Base": "GND",
                "Collector": "GND",
                "Emitter": "net3"
            }
        },
        {
            "component_type": "PNP",
            "port_connection": {
                "Base": "GND",
                "Collector": "GND",
                "Emitter": "net2"
            }
        },
        {
            "component_type": "Voltage",
            "port_connection": {
                "Negative": "net4",
                "Positive": "net2"
            }
        },
        {
            "component_type": "Diso_amp",
            "port_connection": {
                "InN": "net1",
                "InP": "net4",
                "Out": "VOUT"
            }
        }
    ],
    "ckt_type": "Bandgap"
}