{
    "ckt_netlist": [
        {
            "component_type": "PMOS",
            "port_connection": {
                "Body": "net2",
                "Drain": "net1",
                "Gate": "net1",
                "Source": "net2"
            }
        },
        {
            "component_type": "PMOS",
            "port_connection": {
                "Body": "net6",
                "Drain": "net2",
                "Gate": "net2",
                "Source": "net6"
            }
        },
        {
            "component_type": "PMOS",
            "port_connection": {
                "Body": "VDD",
                "Drain": "net6",
                "Gate": "net6",
                "Source": "VDD"
            }
        },
        {
            "component_type": "PMOS",
            "port_connection": {
                "Body": "VDD",
                "Drain": "Vo",
                "Gate": "net7",
                "Source": "VDD"
            }
        },
        {
            "component_type": "PMOS",
            "port_connection": {
                "Body": "VDD",
                "Drain": "net7",
                "Gate": "net4",
                "Source": "VDD"
            }
        },
        {
            "component_type": "PMOS",
            "port_connection": {
                "Body": "VDD",
                "Drain": "net3",
                "Gate": "net4",
                "Source": "VDD"
            }
        },
        {
            "component_type": "PMOS",
            "port_connection": {
                "Body": "VDD",
                "Drain": "net4",
                "Gate": "net4",
                "Source": "VDD"
            }
        },
        {
            "component_type": "NMOS",
            "port_connection": {
                "Body": "GND",
                "Drain": "net1",
                "Gate": "net1",
                "Source": "GND"
            }
        },
        {
            "component_type": "NMOS",
            "port_connection": {
                "Body": "net5",
                "Drain": "net3",
                "Gate": "net2",
                "Source": "net5"
            }
        },
        {
            "component_type": "NMOS",
            "port_connection": {
                "Body": "GND",
                "Drain": "net1",
                "Gate": "net1",
                "Source": "GND"
            }
        },
        {
            "component_type": "NMOS",
            "port_connection": {
                "Body": "net8",
                "Drain": "net4",
                "Gate": "Vin\\-",
                "Source": "net8"
            }
        },
        {
            "component_type": "NMOS",
            "port_connection": {
                "Body": "GND",
                "Drain": "Vo",
                "Gate": "net1",
                "Source": "GND"
            }
        },
        {
            "component_type": "NMOS",
            "port_connection": {
                "Body": "GND",
                "Drain": "net3",
                "Gate": "net1",
                "Source": "GND"
            }
        },
        {
            "component_type": "NMOS",
            "port_connection": {
                "Body": "GND",
                "Drain": "net8",
                "Gate": "net1",
                "Source": "GND"
            }
        },
        {
            "component_type": "NMOS",
            "port_connection": {
                "Body": "net8",
                "Drain": "net7",
                "Gate": "Vin\\+",
                "Source": "net8"
            }
        },
        {
            "component_type": "Voltage",
            "port_connection": {
                "Positive": "VDD",
                "Negative": "net1"
            }
        },
        {
            "component_type": "Cap",
            "port_connection": {
                "Neg": "Vo",
                "Pos": "net5"
            }
        }
    ],
    "ckt_type": "DISO-Amplifier"
}