{
    "ckt_netlist": [
        {
            "component_type": "PMOS",
            "port_connection": {
                "Drain": "net6",
                "Gate": "net2",
                "Source": "VDD"
            }
        },
        {
            "component_type": "PMOS",
            "port_connection": {
                "Drain": "net4",
                "Gate": "net2",
                "Source": "VDD"
            }
        },
        {
            "component_type": "PMOS",
            "port_connection": {
                "Drain": "net3",
                "Gate": "net1",
                "Source": "VDD"
            }
        },
        {
            "component_type": "PMOS",
            "port_connection": {
                "Drain": "VDD",
                "Gate": "net1",
                "Source": "net8"
            }
        },
        {
            "component_type": "PMOS",
            "port_connection": {
                "Drain": "net4",
                "Gate": "net3",
                "Source": "VDD"
            }
        },
        {
            "component_type": "PMOS",
            "port_connection": {
                "Drain": "net3",
                "Gate": "net4",
                "Source": "VDD"
            }
        },
        {
            "component_type": "NMOS",
            "port_connection": {
                "Drain": "net8",
                "Gate": "V1P",
                "Source": "net7"
            }
        },
        {
            "component_type": "NMOS",
            "port_connection": {
                "Drain": "net7",
                "Gate": "latch",
                "Source": "GND"
            }
        },
        {
            "component_type": "NMOS",
            "port_connection": {
                "Drain": "net6",
                "Gate": "VIN",
                "Source": "net7"
            }
        },
        {
            "component_type": "NMOS",
            "port_connection": {
                "Drain": "net3",
                "Gate": "net4",
                "Source": "net8"
            }
        },
        {
            "component_type": "NMOS",
            "port_connection": {
                "Drain": "net4",
                "Gate": "net3",
                "Source": "net6"
            }
        }
    ],
    "ckt_type": "Comparator"
}