{
    "ckt_netlist": [
        {
            "component_type": "PMOS",
            "port_connection": {
                "Drain": "net4",
                "Gate": "net3",
                "Source": "+1V"
            }
        },
        {
            "component_type": "PMOS",
            "port_connection": {
                "Drain": "net3",
                "Gate": "net2",
                "Source": "+1V"
            }
        },
        {
            "component_type": "PMOS",
            "port_connection": {
                "Drain": "net2",
                "Gate": "net2",
                "Source": "+1V"
            }
        },
        {
            "component_type": "NMOS",
            "port_connection": {
                "Drain": "net1",
                "Gate": "net1",
                "Source": "-1V"
            }
        },
        {
            "component_type": "NMOS",
            "port_connection": {
                "Drain": "net5",
                "Gate": "net1",
                "Source": "-1V"
            }
        },
        {
            "component_type": "NMOS",
            "port_connection": {
                "Drain": "net4",
                "Gate": "net1",
                "Source": "-1V"
            }
        },
        {
            "component_type": "NMOS",
            "port_connection": {
                "Drain": "net3",
                "Gate": "net7",
                "Source": "net5"
            }
        },
        {
            "component_type": "NMOS",
            "port_connection": {
                "Drain": "net2",
                "Gate": "net6",
                "Source": "net5"
            }
        },
        {
            "component_type": "Cap",
            "port_connection": {
                "Neg": "GND",
                "Pos": "net4"
            }
        },
        {
            "component_type": "Cap",
            "port_connection": {
                "Neg": "net4",
                "Pos": "net3"
            }
        },
        {
            "component_type": "Current",
            "port_connection": {
                "In": "+1V",
                "Out": "net1"
            }
        }
    ],
    "ckt_type": "DISO-Amplifier"
}