{
    "ckt_netlist": [
        {
            "component_type": "PMOS",
            "port_connection": {
                "Drain": "net4",
                "Gate": "IN-",
                "Source": "net2"
            }
        },
        {
            "component_type": "PMOS",
            "port_connection": {
                "Drain": "net3",
                "Gate": "IN+",
                "Source": "net2"
            }
        },
        {
            "component_type": "PMOS",
            "port_connection": {
                "Drain": "net5",
                "Gate": "net7",
                "Source": "VDD"
            }
        },
        {
            "component_type": "PMOS",
            "port_connection": {
                "Drain": "net7",
                "Gate": "net1",
                "Source": "VDD"
            }
        },
        {
            "component_type": "PMOS",
            "port_connection": {
                "Drain": "net1",
                "Gate": "net1",
                "Source": "VDD"
            }
        },
        {
            "component_type": "NMOS",
            "port_connection": {
                "Drain": "net7",
                "Gate": "net4",
                "Source": "GND"
            }
        },
        {
            "component_type": "NMOS",
            "port_connection": {
                "Drain": "net1",
                "Gate": "net3",
                "Source": "GND"
            }
        },
        {
            "component_type": "NMOS",
            "port_connection": {
                "Drain": "net4",
                "Gate": "net4",
                "Source": "GND"
            }
        },
        {
            "component_type": "NMOS",
            "port_connection": {
                "Drain": "net3",
                "Gate": "net3",
                "Source": "GND"
            }
        },
        {
            "component_type": "Cap",
            "port_connection": {
                "Neg": "net6",
                "Pos": "net7"
            }
        },
        {
            "component_type": "Current",
            "port_connection": {
                "In": "net5",
                "Out": "GND"
            }
        },
        {
            "component_type": "Current",
            "port_connection": {
                "In": "VDD",
                "Out": "net2"
            }
        },
        {
            "component_type": "Res",
            "port_connection": {
                "Neg": "net6",
                "Pos": "net5"
            }
        }
    ],
    "ckt_type": "DISO-Amplifier"
}