{
    "ckt_netlist": [
        {
            "component_type": "PMOS",
            "port_connection": {
                "Drain": "vo1",
                "Gate": "net2",
                "Source": "net1"
            }
        },
        {
            "component_type": "PMOS",
            "port_connection": {
                "Drain": "vo2",
                "Gate": "net4",
                "Source": "net1"
            }
        },
        {
            "component_type": "PMOS",
            "port_connection": {
                "Drain": "net4",
                "Gate": "net3",
                "Source": "VDD"
            }
        },
        {
            "component_type": "PMOS",
            "port_connection": {
                "Drain": "net2",
                "Gate": "net3",
                "Source": "VDD"
            }
        },
        {
            "component_type": "PMOS",
            "port_connection": {
                "Drain": "net1",
                "Gate": "vo2",
                "Source": "VDD"
            }
        },
        {
            "component_type": "PMOS",
            "port_connection": {
                "Drain": "net1",
                "Gate": "vo1",
                "Source": "VDD"
            }
        },
        {
            "component_type": "Res",
            "port_connection": {
                "Neg": "net6",
                "Pos": "net4"
            }
        },
        {
            "component_type": "Res",
            "port_connection": {
                "Neg": "net5",
                "Pos": "net2"
            }
        },
        {
            "component_type": "Cap",
            "port_connection": {
                "Neg": "net5",
                "Pos": "vo1"
            }
        },
        {
            "component_type": "Cap",
            "port_connection": {
                "Neg": "net6",
                "Pos": "vo2"
            }
        },
        {
            "component_type": "NMOS",
            "port_connection": {
                "Drain": "vo1",
                "Gate": "net8",
                "Source": "VSS"
            }
        },
        {
            "component_type": "NMOS",
            "port_connection": {
                "Drain": "vo2",
                "Gate": "net8",
                "Source": "VSS"
            }
        },
        {
            "component_type": "NMOS",
            "port_connection": {
                "Drain": "net7",
                "Gate": "net8",
                "Source": "VSS"
            }
        },
        {
            "component_type": "NMOS",
            "port_connection": {
                "Drain": "net2",
                "Gate": "vi1",
                "Source": "net7"
            }
        },
        {
            "component_type": "NMOS",
            "port_connection": {
                "Drain": "net4",
                "Gate": "vi2",
                "Source": "net7"
            }
        }
    ],
    "ckt_type": "DIDO-Amplifier"
}