{
    "ckt_netlist": [
        {
            "component_type": "Diso_amp",
            "port_connection": {
                "InN": "Vref",
                "InP": "net2",
                "Out": "net1"
            }
        },
        {
            "component_type": "Res",
            "port_connection": {
                "Neg": "GND",
                "Pos": "net2"
            }
        },
        {
            "component_type": "Res",
            "port_connection": {
                "Neg": "net2",
                "Pos": "Vout"
            }
        },
        {
            "component_type": "PMOS",
            "port_connection": {
                "Drain": "Vout",
                "Gate": "net1",
                "Source": "VDD"
            }
        },
        {
            "component_type": "Cap",
            "port_connection": {
                "Neg": "GND",
                "Pos": "Vout"
            }
        },
        {
            "component_type": "Current",
            "port_connection": {
                "In": "Vout",
                "Out": "GND"
            }
        }
    ],
    "ckt_type": "LDO"
}