{
    "ckt_netlist": [
        {
            "component_type": "PMOS",
            "port_connection": {
                "Drain": "Vo",
                "Gate": "net2",
                "Source": "VDD"
            }
        },
        {
            "component_type": "PMOS",
            "port_connection": {
                "Drain": "net2",
                "Gate": "net1",
                "Source": "VDD"
            }
        },
        {
            "component_type": "PMOS",
            "port_connection": {
                "Drain": "net1",
                "Gate": "net1",
                "Source": "VDD"
            }
        },
        {
            "component_type": "NMOS",
            "port_connection": {
                "Drain": "Vo",
                "Gate": "VBIAS",
                "Source": "VSS"
            }
        },
        {
            "component_type": "NMOS",
            "port_connection": {
                "Drain": "net3",
                "Gate": "VBIAS",
                "Source": "VSS"
            }
        },
        {
            "component_type": "NMOS",
            "port_connection": {
                "Drain": "net2",
                "Gate": "Vi-",
                "Source": "net3"
            }
        },
        {
            "component_type": "NMOS",
            "port_connection": {
                "Drain": "net1",
                "Gate": "Vi+",
                "Source": "net3"
            }
        },
        {
            "component_type": "Cap",
            "port_connection": {
                "Neg": "net4",
                "Pos": "net2"
            }
        },
        {
            "component_type": "Res",
            "port_connection": {
                "Neg": "Vo",
                "Pos": "net4"
            }
        }
    ],
    "ckt_type": "DISO-Amplifier"
}