{
    "ckt_netlist": [
        {
            "component_type": "NMOS",
            "port_connection": {
                "Drain": "net17",
                "Gate": "net17",
                "Source": "GND"
            }
        },
        {
            "component_type": "NMOS",
            "port_connection": {
                "Drain": "net13",
                "Gate": "net13",
                "Source": "GND"
            }
        },
        {
            "component_type": "NMOS",
            "port_connection": {
                "Drain": "net3",
                "Gate": "net6",
                "Source": "GND"
            }
        },
        {
            "component_type": "NMOS",
            "port_connection": {
                "Drain": "net6",
                "Gate": "net13",
                "Source": "GND"
            }
        },
        {
            "component_type": "NMOS",
            "port_connection": {
                "Drain": "net5",
                "Gate": "net13",
                "Source": "GND"
            }
        },
        {
            "component_type": "NMOS",
            "port_connection": {
                "Drain": "net1",
                "Gate": "net5",
                "Source": "GND"
            }
        },
        {
            "component_type": "NMOS",
            "port_connection": {
                "Drain": "net12",
                "Gate": "net11",
                "Source": "net6"
            }
        },
        {
            "component_type": "NMOS",
            "port_connection": {
                "Drain": "net7",
                "Gate": "net10",
                "Source": "net5"
            }
        },
        {
            "component_type": "PMOS",
            "port_connection": {
                "Drain": "net2",
                "Gate": "net4",
                "Source": "VDD"
            }
        },
        {
            "component_type": "PMOS",
            "port_connection": {
                "Drain": "net17",
                "Gate": "net18",
                "Source": "net15"
            }
        },
        {
            "component_type": "PMOS",
            "port_connection": {
                "Drain": "net13",
                "Gate": "net16",
                "Source": "net15"
            }
        },
        {
            "component_type": "PMOS",
            "port_connection": {
                "Drain": "net15",
                "Gate": "net14",
                "Source": "VDD1"
            }
        },
        {
            "component_type": "PMOS",
            "port_connection": {
                "Drain": "net6",
                "Gate": "net8",
                "Source": "net2"
            }
        },
        {
            "component_type": "PMOS",
            "port_connection": {
                "Drain": "net5",
                "Gate": "net9",
                "Source": "net2"
            }
        },
        {
            "component_type": "PMOS",
            "port_connection": {
                "Drain": "net3",
                "Gate": "net4",
                "Source": "VDD"
            }
        },
        {
            "component_type": "PMOS",
            "port_connection": {
                "Drain": "net1",
                "Gate": "net4",
                "Source": "VDD"
            }
        },
        {
            "component_type": "Res",
            "port_connection": {
                "Neg": "net3",
                "Pos": "net16"
            }
        },
        {
            "component_type": "Res",
            "port_connection": {
                "Neg": "net1",
                "Pos": "net16"
            }
        },
        {
            "component_type": "Cap",
            "port_connection": {
                "Neg": "net3",
                "Pos": "net12"
            }
        },
        {
            "component_type": "Cap",
            "port_connection": {
                "Neg": "net7",
                "Pos": "net1"
            }
        }
    ],
    "ckt_type": "DIDO-Amplifier"
}