{
    "ckt_netlist": [
        {
            "component_type": "NMOS",
            "port_connection": {
                "Drain": "Vout\\+",
                "Gate": "net4",
                "Source": "GND"
            }
        },
        {
            "component_type": "NMOS",
            "port_connection": {
                "Drain": "Vout\\-",
                "Gate": "net4",
                "Source": "GND"
            }
        },
        {
            "component_type": "NMOS",
            "port_connection": {
                "Drain": "net5",
                "Gate": "net10",
                "Source": "net6"
            }
        },
        {
            "component_type": "NMOS",
            "port_connection": {
                "Drain": "net6",
                "Gate": "net9",
                "Source": "GND"
            }
        },
        {
            "component_type": "NMOS",
            "port_connection": {
                "Drain": "net2",
                "Gate": "net8",
                "Source": "net6"
            }
        },
        {
            "component_type": "NMOS",
            "port_connection": {
                "Drain": "VDD",
                "Gate": "net7",
                "Source": "net6"
            }
        },
        {
            "component_type": "PMOS",
            "port_connection": {
                "Drain": "net5",
                "Gate": "net1",
                "Source": "VDD"
            }
        },
        {
            "component_type": "PMOS",
            "port_connection": {
                "Drain": "net2",
                "Gate": "net1",
                "Source": "VDD"
            }
        },
        {
            "component_type": "PMOS",
            "port_connection": {
                "Drain": "Vout\\+",
                "Gate": "net3",
                "Source": "net5"
            }
        },
        {
            "component_type": "PMOS",
            "port_connection": {
                "Drain": "Vout\\-",
                "Gate": "net3",
                "Source": "net2"
            }
        }
    ],
    "ckt_type": "DIDO-Amplifier"
}