{
    "ckt_netlist": [
        {
            "component_type": "NMOS",
            "port_connection": {
                "Drain": "net1",
                "Gate": "net2",
                "Source": "GND"
            }
        },
        {
            "component_type": "NMOS",
            "port_connection": {
                "Drain": "vOUT",
                "Gate": "vGS2",
                "Source": "net1"
            }
        },
        {
            "component_type": "NMOS",
            "port_connection": {
                "Drain": "net3",
                "Gate": "vGS1",
                "Source": "net1"
            }
        },
        {
            "component_type": "PMOS",
            "port_connection": {
                "Drain": "vOUT",
                "Gate": "net3",
                "Source": "VDD"
            }
        },
        {
            "component_type": "PMOS",
            "port_connection": {
                "Drain": "net3",
                "Gate": "net3",
                "Source": "VDD"
            }
        },
        {
            "component_type": "Voltage",
            "port_connection": {
                "Negative": "GND",
                "Positive": "net2"
            }
        }
    ],
    "ckt_type": "DISO-Amplifier"
}