{
    "ckt_netlist": [
        {
            "component_type": "PMOS",
            "port_connection": {
                "Drain": "net55",
                "Gate": "vcascp",
                "Source": "net45"
            }
        },
        {
            "component_type": "PMOS",
            "port_connection": {
                "Drain": "net41",
                "Gate": "vinn",
                "Source": "net36"
            }
        },
        {
            "component_type": "PMOS",
            "port_connection": {
                "Drain": "net60",
                "Gate": "vinp",
                "Source": "net36"
            }
        },
        {
            "component_type": "PMOS",
            "port_connection": {
                "Drain": "net51",
                "Gate": "net51",
                "Source": "VDD"
            }
        },
        {
            "component_type": "PMOS",
            "port_connection": {
                "Drain": "net55",
                "Gate": "net51",
                "Source": "VDD"
            }
        },
        {
            "component_type": "PMOS",
            "port_connection": {
                "Drain": "net45",
                "Gate": "vbm",
                "Source": "VDD"
            }
        },
        {
            "component_type": "PMOS",
            "port_connection": {
                "Drain": "net36",
                "Gate": "vtail",
                "Source": "VDD"
            }
        },
        {
            "component_type": "PMOS",
            "port_connection": {
                "Drain": "net25",
                "Gate": "vcascp$1",
                "Source": "net32"
            }
        },
        {
            "component_type": "PMOS",
            "port_connection": {
                "Drain": "net32",
                "Gate": "vbm$1",
                "Source": "VDD"
            }
        },
        {
            "component_type": "PMOS",
            "port_connection": {
                "Drain": "net23",
                "Gate": "net23",
                "Source": "VDD"
            }
        },
        {
            "component_type": "PMOS",
            "port_connection": {
                "Drain": "net25",
                "Gate": "net23",
                "Source": "VDD"
            }
        },
        {
            "component_type": "Cap",
            "port_connection": {
                "Neg": "GND",
                "Pos": "net55"
            }
        },
        {
            "component_type": "Cap",
            "port_connection": {
                "Neg": "GND",
                "Pos": "net25"
            }
        },
        {
            "component_type": "NMOS",
            "port_connection": {
                "Drain": "net51",
                "Gate": "net41",
                "Source": "GndA"
            }
        },
        {
            "component_type": "NMOS",
            "port_connection": {
                "Drain": "net25",
                "Gate": "net41",
                "Source": "GndA"
            }
        },
        {
            "component_type": "NMOS",
            "port_connection": {
                "Drain": "net41",
                "Gate": "net41",
                "Source": "GndA"
            }
        },
        {
            "component_type": "NMOS",
            "port_connection": {
                "Drain": "net55",
                "Gate": "vbp",
                "Source": "net41"
            }
        },
        {
            "component_type": "NMOS",
            "port_connection": {
                "Drain": "net60",
                "Gate": "net60",
                "Source": "GndA"
            }
        },
        {
            "component_type": "NMOS",
            "port_connection": {
                "Drain": "net60",
                "Gate": "vcmfb",
                "Source": "GndA"
            }
        },
        {
            "component_type": "NMOS",
            "port_connection": {
                "Drain": "net41",
                "Gate": "vcmfb",
                "Source": "GndA"
            }
        },
        {
            "component_type": "NMOS",
            "port_connection": {
                "Drain": "net25",
                "Gate": "vbp$1",
                "Source": "net60"
            }
        },
        {
            "component_type": "NMOS",
            "port_connection": {
                "Drain": "net55",
                "Gate": "net60",
                "Source": "GndA"
            }
        },
        {
            "component_type": "NMOS",
            "port_connection": {
                "Drain": "net23",
                "Gate": "net60",
                "Source": "GndA"
            }
        }
    ],
    "ckt_type": "DIDO-Amplifier"
}