{
    "ckt_netlist": [
        {
            "component_type": "NMOS",
            "port_connection": {
                "Drain": "net13",
                "Gate": "vp",
                "Source": "net10"
            }
        },
        {
            "component_type": "NMOS",
            "port_connection": {
                "Drain": "net11",
                "Gate": "vn",
                "Source": "net10"
            }
        },
        {
            "component_type": "NMOS",
            "port_connection": {
                "Drain": "net16",
                "Gate": "net14",
                "Source": "VSS"
            }
        },
        {
            "component_type": "NMOS",
            "port_connection": {
                "Drain": "net10",
                "Gate": "net14",
                "Source": "VSS"
            }
        },
        {
            "component_type": "NMOS",
            "port_connection": {
                "Drain": "net5",
                "Gate": "net14",
                "Source": "VSS"
            }
        },
        {
            "component_type": "NMOS",
            "port_connection": {
                "Drain": "net14",
                "Gate": "net14",
                "Source": "VSS"
            }
        },
        {
            "component_type": "PMOS",
            "port_connection": {
                "Drain": "net5",
                "Gate": "net5",
                "Source": "net6"
            }
        },
        {
            "component_type": "PMOS",
            "port_connection": {
                "Drain": "net17",
                "Gate": "net5",
                "Source": "net13"
            }
        },
        {
            "component_type": "PMOS",
            "port_connection": {
                "Drain": "net16",
                "Gate": "net13",
                "Source": "VDD"
            }
        },
        {
            "component_type": "PMOS",
            "port_connection": {
                "Drain": "net13",
                "Gate": "net11",
                "Source": "VDD"
            }
        },
        {
            "component_type": "PMOS",
            "port_connection": {
                "Drain": "net11",
                "Gate": "net11",
                "Source": "VDD"
            }
        },
        {
            "component_type": "PMOS",
            "port_connection": {
                "Drain": "net6",
                "Gate": "net6",
                "Source": "VDD"
            }
        },
        {
            "component_type": "Current",
            "port_connection": {
                "In": "VDD",
                "Out": "net14"
            }
        },
        {
            "component_type": "Cap",
            "port_connection": {
                "Neg": "GND",
                "Pos": "net16"
            }
        },
        {
            "component_type": "Cap",
            "port_connection": {
                "Neg": "net17",
                "Pos": "net16"
            }
        }
    ],
    "ckt_type": "DISO-Amplifier"
}