{
    "ckt_netlist": [
        {
            "component_type": "PMOS",
            "port_connection": {
                "Drain": "vout",
                "Gate": "net15",
                "Source": "VDD"
            }
        },
        {
            "component_type": "PMOS",
            "port_connection": {
                "Drain": "net15",
                "Gate": "net18",
                "Source": "VDD"
            }
        },
        {
            "component_type": "PMOS",
            "port_connection": {
                "Drain": "net18",
                "Gate": "net18",
                "Source": "VDD"
            }
        },
        {
            "component_type": "PMOS",
            "port_connection": {
                "Drain": "net15",
                "Gate": "net10",
                "Source": "VDD"
            }
        },
        {
            "component_type": "PMOS",
            "port_connection": {
                "Drain": "net10",
                "Gate": "net10",
                "Source": "VDD"
            }
        },
        {
            "component_type": "NMOS",
            "port_connection": {
                "Drain": "VDD",
                "Gate": "net15",
                "Source": "net16"
            }
        },
        {
            "component_type": "NMOS",
            "port_connection": {
                "Drain": "net15",
                "Gate": "vinp",
                "Source": "net11"
            }
        },
        {
            "component_type": "NMOS",
            "port_connection": {
                "Drain": "net10",
                "Gate": "vref",
                "Source": "net11"
            }
        },
        {
            "component_type": "NMOS",
            "port_connection": {
                "Drain": "net15",
                "Gate": "net18",
                "Source": "net21"
            }
        },
        {
            "component_type": "NMOS",
            "port_connection": {
                "Drain": "vout",
                "Gate": "net16",
                "Source": "GND"
            }
        },
        {
            "component_type": "NMOS",
            "port_connection": {
                "Drain": "net21",
                "Gate": "net7",
                "Source": "GND"
            }
        },
        {
            "component_type": "NMOS",
            "port_connection": {
                "Drain": "net16",
                "Gate": "net7",
                "Source": "GND"
            }
        },
        {
            "component_type": "NMOS",
            "port_connection": {
                "Drain": "net18",
                "Gate": "net7",
                "Source": "GND"
            }
        },
        {
            "component_type": "NMOS",
            "port_connection": {
                "Drain": "net11",
                "Gate": "net7",
                "Source": "GND"
            }
        },
        {
            "component_type": "NMOS",
            "port_connection": {
                "Drain": "iref",
                "Gate": "net7",
                "Source": "GND"
            }
        },
        {
            "component_type": "Cap",
            "port_connection": {
                "Neg": "vout",
                "Pos": "net21"
            }
        },
        {
            "component_type": "Cap",
            "port_connection": {
                "Neg": "GND",
                "Pos": "vout"
            }
        }
    ],
    "ckt_type": "DISO-Amplifier"
}