{
    "ckt_netlist": [
        {
            "component_type": "NMOS",
            "port_connection": {
                "Drain": "net13",
                "Gate": "net3",
                "Source": "GND"
            }
        },
        {
            "component_type": "NMOS",
            "port_connection": {
                "Drain": "net3",
                "Gate": "net3",
                "Source": "GND"
            }
        },
        {
            "component_type": "NMOS",
            "port_connection": {
                "Drain": "net4",
                "Gate": "net3",
                "Source": "GND"
            }
        },
        {
            "component_type": "NMOS",
            "port_connection": {
                "Body": "net4",
                "Drain": "net11",
                "Gate": "v+",
                "Source": "net4"
            }
        },
        {
            "component_type": "NMOS",
            "port_connection": {
                "Body": "net4",
                "Drain": "net7",
                "Gate": "v-",
                "Source": "net4"
            }
        },
        {
            "component_type": "PMOS",
            "port_connection": {
                "Drain": "net3",
                "Gate": "net3",
                "Source": "VDD"
            }
        },
        {
            "component_type": "PMOS",
            "port_connection": {
                "Drain": "net13",
                "Gate": "net11",
                "Source": "VDD"
            }
        },
        {
            "component_type": "PMOS",
            "port_connection": {
                "Drain": "net11",
                "Gate": "net7",
                "Source": "VDD"
            }
        },
        {
            "component_type": "PMOS",
            "port_connection": {
                "Drain": "net7",
                "Gate": "net7",
                "Source": "VDD"
            }
        },
        {
            "component_type": "Cap",
            "port_connection": {
                "Neg": "net13",
                "Pos": "net11"
            }
        }
    ],
    "ckt_type": "DISO-Amplifier"
}