{
    "ckt_netlist": [
        {
            "component_type": "NMOS",
            "port_connection": {
                "Drain": "net32",
                "Gate": "Vin+",
                "Source": "net19"
            }
        },
        {
            "component_type": "NMOS",
            "port_connection": {
                "Drain": "net41",
                "Gate": "net22",
                "Source": "GND"
            }
        },
        {
            "component_type": "NMOS",
            "port_connection": {
                "Drain": "OUT",
                "Gate": "net23",
                "Source": "net41"
            }
        },
        {
            "component_type": "NMOS",
            "port_connection": {
                "Drain": "net28",
                "Gate": "net23",
                "Source": "net37"
            }
        },
        {
            "component_type": "NMOS",
            "port_connection": {
                "Drain": "net35",
                "Gate": "net24",
                "Source": "GND"
            }
        },
        {
            "component_type": "NMOS",
            "port_connection": {
                "Drain": "net44",
                "Gate": "net22",
                "Source": "GND"
            }
        },
        {
            "component_type": "NMOS",
            "port_connection": {
                "Drain": "net22",
                "Gate": "net23",
                "Source": "net44"
            }
        },
        {
            "component_type": "NMOS",
            "port_connection": {
                "Drain": "net48",
                "Gate": "net10",
                "Source": "GND"
            }
        },
        {
            "component_type": "NMOS",
            "port_connection": {
                "Drain": "net19",
                "Gate": "net23",
                "Source": "net45"
            }
        },
        {
            "component_type": "NMOS",
            "port_connection": {
                "Drain": "net30",
                "Gate": "Vin-",
                "Source": "net19"
            }
        },
        {
            "component_type": "NMOS",
            "port_connection": {
                "Drain": "net45",
                "Gate": "net10",
                "Source": "GND"
            }
        },
        {
            "component_type": "NMOS",
            "port_connection": {
                "Drain": "net24",
                "Gate": "net23",
                "Source": "net35"
            }
        },
        {
            "component_type": "NMOS",
            "port_connection": {
                "Drain": "net37",
                "Gate": "net24",
                "Source": "GND"
            }
        },
        {
            "component_type": "NMOS",
            "port_connection": {
                "Drain": "net10",
                "Gate": "net23",
                "Source": "net48"
            }
        },
        {
            "component_type": "NMOS",
            "port_connection": {
                "Drain": "net47",
                "Gate": "net10",
                "Source": "GND"
            }
        },
        {
            "component_type": "NMOS",
            "port_connection": {
                "Drain": "net15",
                "Gate": "net23",
                "Source": "net47"
            }
        },
        {
            "component_type": "PMOS",
            "port_connection": {
                "Drain": "OUT",
                "Gate": "net39",
                "Source": "net42"
            }
        },
        {
            "component_type": "PMOS",
            "port_connection": {
                "Drain": "net28",
                "Gate": "net39",
                "Source": "net43"
            }
        },
        {
            "component_type": "PMOS",
            "port_connection": {
                "Drain": "net42",
                "Gate": "net28",
                "Source": "VDD"
            }
        },
        {
            "component_type": "PMOS",
            "port_connection": {
                "Drain": "net43",
                "Gate": "net28",
                "Source": "VDD"
            }
        },
        {
            "component_type": "PMOS",
            "port_connection": {
                "Drain": "net22",
                "Gate": "net39",
                "Source": "net32"
            }
        },
        {
            "component_type": "PMOS",
            "port_connection": {
                "Drain": "net16",
                "Gate": "net15",
                "Source": "net46"
            }
        },
        {
            "component_type": "PMOS",
            "port_connection": {
                "Drain": "net24",
                "Gate": "net39",
                "Source": "net30"
            }
        },
        {
            "component_type": "PMOS",
            "port_connection": {
                "Drain": "net30",
                "Gate": "net40",
                "Source": "VDD"
            }
        },
        {
            "component_type": "PMOS",
            "port_connection": {
                "Drain": "net32",
                "Gate": "net40",
                "Source": "VDD"
            }
        },
        {
            "component_type": "PMOS",
            "port_connection": {
                "Drain": "net46",
                "Gate": "net16",
                "Source": "VDD"
            }
        },
        {
            "component_type": "PMOS",
            "port_connection": {
                "Drain": "net23",
                "Gate": "VB",
                "Source": "VDD"
            }
        },
        {
            "component_type": "Res",
            "port_connection": {
                "Neg": "net10",
                "Pos": "net23"
            }
        },
        {
            "component_type": "Res",
            "port_connection": {
                "Neg": "net15",
                "Pos": "net16"
            }
        }
    ],
    "ckt_type": "DISO-Amplifier"
}