{
    "ckt_netlist": [
        {
            "component_type": "Diso_amp",
            "port_connection": {
                "InN": "net11",
                "InP": "Vref",
                "Out": "net13"
            }
        },
        {
            "component_type": "NMOS",
            "port_connection": {
                "Drain": "net11",
                "Gate": "IN",
                "Source": "GND"
            }
        },
        {
            "component_type": "NMOS",
            "port_connection": {
                "Drain": "OUT",
                "Gate": "net13",
                "Source": "net11"
            }
        },
        {
            "component_type": "Cap",
            "port_connection": {
                "Neg": "GND",
                "Pos": "OUT"
            }
        },
        {
            "component_type": "Current",
            "port_connection": {
                "In": "VDD",
                "Out": "OUT"
            }
        }
    ],
    "ckt_type": "SISO-Amplifier"
}