{
    "ckt_netlist": [
        {
            "component_type": "PMOS",
            "port_connection": {
                "Drain": "net22",
                "Gate": "INP",
                "Source": "net12"
            }
        },
        {
            "component_type": "PMOS",
            "port_connection": {
                "Drain": "GND",
                "Gate": "net22",
                "Source": "OUT"
            }
        },
        {
            "component_type": "PMOS",
            "port_connection": {
                "Drain": "OUT",
                "Gate": "net9",
                "Source": "VCC"
            }
        },
        {
            "component_type": "PMOS",
            "port_connection": {
                "Drain": "net12",
                "Gate": "net9",
                "Source": "VCC"
            }
        },
        {
            "component_type": "PMOS",
            "port_connection": {
                "Drain": "net9",
                "Gate": "net9",
                "Source": "VCC"
            }
        },
        {
            "component_type": "PMOS",
            "port_connection": {
                "Drain": "net11",
                "Gate": "INN",
                "Source": "net12"
            }
        },
        {
            "component_type": "NMOS",
            "port_connection": {
                "Drain": "net11",
                "Gate": "net11",
                "Source": "GND"
            }
        },
        {
            "component_type": "NMOS",
            "port_connection": {
                "Drain": "net7",
                "Gate": "net7",
                "Source": "GND"
            }
        },
        {
            "component_type": "NMOS",
            "port_connection": {
                "Drain": "net22",
                "Gate": "net11",
                "Source": "GND"
            }
        },
        {
            "component_type": "Res",
            "port_connection": {
                "Neg": "net7",
                "Pos": "net9"
            }
        },
        {
            "component_type": "Cap",
            "port_connection": {
                "Neg": "OUT",
                "Pos": "net22"
            }
        }
    ],
    "ckt_type": "DISO-Amplifier"
}