{
    "ckt_netlist": [
        {
            "component_type": "Cap",
            "port_connection": {
                "Neg": "OUT",
                "Pos": "net25"
            }
        },
        {
            "component_type": "NMOS",
            "port_connection": {
                "Drain": "OUT",
                "Gate": "net18",
                "Source": "GND"
            }
        },
        {
            "component_type": "NMOS",
            "port_connection": {
                "Drain": "net18",
                "Gate": "net15",
                "Source": "GND"
            }
        },
        {
            "component_type": "NMOS",
            "port_connection": {
                "Drain": "net15",
                "Gate": "net15",
                "Source": "GND"
            }
        },
        {
            "component_type": "NMOS",
            "port_connection": {
                "Drain": "net13",
                "Gate": "net7",
                "Source": "GND"
            }
        },
        {
            "component_type": "NMOS",
            "port_connection": {
                "Drain": "net9",
                "Gate": "net13",
                "Source": "GND"
            }
        },
        {
            "component_type": "NMOS",
            "port_connection": {
                "Drain": "net9",
                "Gate": "net7",
                "Source": "GND"
            }
        },
        {
            "component_type": "NMOS",
            "port_connection": {
                "Drain": "net7",
                "Gate": "net7",
                "Source": "GND"
            }
        },
        {
            "component_type": "PMOS",
            "port_connection": {
                "Drain": "OUT",
                "Gate": "net9",
                "Source": "VDD"
            }
        },
        {
            "component_type": "PMOS",
            "port_connection": {
                "Drain": "net16",
                "Gate": "net9",
                "Source": "VDD"
            }
        },
        {
            "component_type": "PMOS",
            "port_connection": {
                "Drain": "net18",
                "Gate": "VIP",
                "Source": "net16"
            }
        },
        {
            "component_type": "PMOS",
            "port_connection": {
                "Drain": "net15",
                "Gate": "VIN",
                "Source": "net16"
            }
        },
        {
            "component_type": "PMOS",
            "port_connection": {
                "Drain": "net14",
                "Gate": "net14",
                "Source": "VDD"
            }
        },
        {
            "component_type": "PMOS",
            "port_connection": {
                "Drain": "net7",
                "Gate": "net9",
                "Source": "net26"
            }
        },
        {
            "component_type": "PMOS",
            "port_connection": {
                "Drain": "net9",
                "Gate": "net9",
                "Source": "VDD"
            }
        },
        {
            "component_type": "Res",
            "port_connection": {
                "Neg": "net25",
                "Pos": "net18"
            }
        },
        {
            "component_type": "Res",
            "port_connection": {
                "Neg": "net13",
                "Pos": "net14"
            }
        },
        {
            "component_type": "Res",
            "port_connection": {
                "Neg": "net26",
                "Pos": "VDD"
            }
        }
    ],
    "ckt_type": "DISO-Amplifier"
}