{
    "ckt_netlist": [
        {
            "component_type": "Current",
            "port_connection": {
                "In": "VDD",
                "Out": "net14"
            }
        },
        {
            "component_type": "Current",
            "port_connection": {
                "In": "VDD",
                "Out": "net6"
            }
        },
        {
            "component_type": "NMOS",
            "port_connection": {
                "Drain": "net4",
                "Gate": "net16",
                "Source": "VSS"
            }
        },
        {
            "component_type": "NMOS",
            "port_connection": {
                "Drain": "VDD",
                "Gate": "net14",
                "Source": "net16"
            }
        },
        {
            "component_type": "NMOS",
            "port_connection": {
                "Drain": "net14",
                "Gate": "net14",
                "Source": "net15"
            }
        },
        {
            "component_type": "NMOS",
            "port_connection": {
                "Drain": "net13",
                "Gate": "VBN",
                "Source": "net12"
            }
        },
        {
            "component_type": "NMOS",
            "port_connection": {
                "Drain": "net12",
                "Gate": "net6",
                "Source": "VSS"
            }
        },
        {
            "component_type": "NMOS",
            "port_connection": {
                "Drain": "net11",
                "Gate": "VIN\\-",
                "Source": "net10"
            }
        },
        {
            "component_type": "NMOS",
            "port_connection": {
                "Drain": "net1",
                "Gate": "VIN\\+",
                "Source": "net10"
            }
        },
        {
            "component_type": "NMOS",
            "port_connection": {
                "Drain": "net10",
                "Gate": "net6",
                "Source": "VSS"
            }
        },
        {
            "component_type": "NMOS",
            "port_connection": {
                "Drain": "net6",
                "Gate": "net6",
                "Source": "VSS"
            }
        },
        {
            "component_type": "PMOS",
            "port_connection": {
                "Drain": "net4",
                "Gate": "net1",
                "Source": "VDD"
            }
        },
        {
            "component_type": "PMOS",
            "port_connection": {
                "Drain": "VSS",
                "Gate": "net13",
                "Source": "net16"
            }
        },
        {
            "component_type": "PMOS",
            "port_connection": {
                "Drain": "net13",
                "Gate": "net13",
                "Source": "net15"
            }
        },
        {
            "component_type": "PMOS",
            "port_connection": {
                "Drain": "net13",
                "Gate": "VBP",
                "Source": "net19"
            }
        },
        {
            "component_type": "PMOS",
            "port_connection": {
                "Drain": "net19",
                "Gate": "net1",
                "Source": "VDD"
            }
        },
        {
            "component_type": "PMOS",
            "port_connection": {
                "Drain": "net11",
                "Gate": "net11",
                "Source": "VDD"
            }
        },
        {
            "component_type": "PMOS",
            "port_connection": {
                "Drain": "net1",
                "Gate": "net11",
                "Source": "VDD"
            }
        },
        {
            "component_type": "Res",
            "port_connection": {
                "Neg": "GND",
                "Pos": "net4"
            }
        },
        {
            "component_type": "Res",
            "port_connection": {
                "Neg": "net17",
                "Pos": "net1"
            }
        },
        {
            "component_type": "Cap",
            "port_connection": {
                "Neg": "GND",
                "Pos": "net4"
            }
        },
        {
            "component_type": "Cap",
            "port_connection": {
                "Neg": "net13",
                "Pos": "net17"
            }
        }
    ],
    "ckt_type": "DISO-Amplifier"
}