{
    "ckt_netlist": [
        {
            "component_type": "PMOS",
            "port_connection": {
                "Drain": "VREF",
                "Gate": "net1",
                "Source": "VDD"
            }
        },
        {
            "component_type": "PMOS",
            "port_connection": {
                "Drain": "net4",
                "Gate": "net1",
                "Source": "VDD"
            }
        },
        {
            "component_type": "Diso_amp",
            "port_connection": {
                "InN": "net5",
                "InP": "net4",
                "Out": "net1"
            }
        },
        {
            "component_type": "Res",
            "port_connection": {
                "Neg": "net3",
                "Pos": "net4"
            }
        },
        {
            "component_type": "Res",
            "port_connection": {
                "Neg": "net5",
                "Pos": "VREF"
            }
        },
        {
            "component_type": "PNP",
            "port_connection": {
                "Base": "GND",
                "Collector": "GND",
                "Emitter": "net5"
            }
        },
        {
            "component_type": "PNP",
            "port_connection": {
                "Base": "GND",
                "Collector": "GND",
                "Emitter": "net3"
            }
        }
    ],
    "ckt_type": "Bandgap"
}