{
    "ckt_netlist": [
        {
            "component_type": "PMOS",
            "port_connection": {
                "Drain": "VOUT",
                "Gate": "net1",
                "Source": "VIN"
            }
        },
        {
            "component_type": "Res",
            "port_connection": {
                "Neg": "GND",
                "Pos": "VOUT"
            }
        },
        {
            "component_type": "Res",
            "port_connection": {
                "Neg": "GND",
                "Pos": "net2"
            }
        },
        {
            "component_type": "Res",
            "port_connection": {
                "Neg": "net2",
                "Pos": "VOUT"
            }
        },
        {
            "component_type": "Diso_amp",
            "port_connection": {
                "InN": "VREF",
                "InP": "net2",
                "Out": "net1"
            }
        }
    ],
    "ckt_type": "LDO"
}