{
    "ckt_netlist": [
        {
            "component_type": "PMOS",
            "port_connection": {
                "Drain": "VOUT",
                "Gate": "VB6",
                "Source": "net12"
            }
        },
        {
            "component_type": "PMOS",
            "port_connection": {
                "Drain": "net11",
                "Gate": "VB6",
                "Source": "net1"
            }
        },
        {
            "component_type": "PMOS",
            "port_connection": {
                "Drain": "net12",
                "Gate": "net11",
                "Source": "VDD"
            }
        },
        {
            "component_type": "PMOS",
            "port_connection": {
                "Drain": "net1",
                "Gate": "net11",
                "Source": "VDD"
            }
        },
        {
            "component_type": "PMOS",
            "port_connection": {
                "Drain": "net6",
                "Gate": "Vin-",
                "Source": "net2"
            }
        },
        {
            "component_type": "PMOS",
            "port_connection": {
                "Drain": "net5",
                "Gate": "Vin-",
                "Source": "net2"
            }
        },
        {
            "component_type": "PMOS",
            "port_connection": {
                "Drain": "net4",
                "Gate": "Vin+",
                "Source": "net2"
            }
        },
        {
            "component_type": "PMOS",
            "port_connection": {
                "Drain": "net3",
                "Gate": "Vin+",
                "Source": "net2"
            }
        },
        {
            "component_type": "PMOS",
            "port_connection": {
                "Drain": "net2",
                "Gate": "VB1",
                "Source": "net1"
            }
        },
        {
            "component_type": "NMOS",
            "port_connection": {
                "Drain": "net14",
                "Gate": "VB4",
                "Source": "net6"
            }
        },
        {
            "component_type": "NMOS",
            "port_connection": {
                "Drain": "net13",
                "Gate": "VB4",
                "Source": "net4"
            }
        },
        {
            "component_type": "NMOS",
            "port_connection": {
                "Drain": "VOUT",
                "Gate": "VB5",
                "Source": "net14"
            }
        },
        {
            "component_type": "NMOS",
            "port_connection": {
                "Drain": "net11",
                "Gate": "VB5",
                "Source": "net13"
            }
        },
        {
            "component_type": "NMOS",
            "port_connection": {
                "Drain": "net6",
                "Gate": "net3",
                "Source": "GND"
            }
        },
        {
            "component_type": "NMOS",
            "port_connection": {
                "Drain": "net10",
                "Gate": "net3",
                "Source": "GND"
            }
        },
        {
            "component_type": "NMOS",
            "port_connection": {
                "Drain": "net9",
                "Gate": "VB3",
                "Source": "GND"
            }
        },
        {
            "component_type": "NMOS",
            "port_connection": {
                "Drain": "net7",
                "Gate": "VB3",
                "Source": "GND"
            }
        },
        {
            "component_type": "NMOS",
            "port_connection": {
                "Drain": "net8",
                "Gate": "net5",
                "Source": "GND"
            }
        },
        {
            "component_type": "NMOS",
            "port_connection": {
                "Drain": "net4",
                "Gate": "net5",
                "Source": "GND"
            }
        },
        {
            "component_type": "NMOS",
            "port_connection": {
                "Drain": "net5",
                "Gate": "VB2",
                "Source": "net7"
            }
        },
        {
            "component_type": "NMOS",
            "port_connection": {
                "Drain": "net3",
                "Gate": "VB2",
                "Source": "net10"
            }
        },
        {
            "component_type": "NMOS",
            "port_connection": {
                "Drain": "net3",
                "Gate": "VB2",
                "Source": "net9"
            }
        },
        {
            "component_type": "NMOS",
            "port_connection": {
                "Drain": "net5",
                "Gate": "VB2",
                "Source": "net8"
            }
        }
    ],
    "ckt_type": "DISO-Amplifier"
}