{
    "ckt_netlist": [
        {
            "component_type": "NMOS",
            "port_connection": {
                "Drain": "VOUT\\+",
                "Gate": "V4",
                "Source": "net10"
            }
        },
        {
            "component_type": "NMOS",
            "port_connection": {
                "Drain": "VOUT\\-",
                "Gate": "V4",
                "Source": "net1"
            }
        },
        {
            "component_type": "NMOS",
            "port_connection": {
                "Drain": "net8",
                "Gate": "VCMFB",
                "Source": "GND"
            }
        },
        {
            "component_type": "NMOS",
            "port_connection": {
                "Drain": "net11",
                "Gate": "VCMFB",
                "Source": "GND"
            }
        },
        {
            "component_type": "NMOS",
            "port_connection": {
                "Drain": "net10",
                "Gate": "net13",
                "Source": "net11"
            }
        },
        {
            "component_type": "NMOS",
            "port_connection": {
                "Drain": "net1",
                "Gate": "net12",
                "Source": "net8"
            }
        },
        {
            "component_type": "NMOS",
            "port_connection": {
                "Drain": "net3",
                "Gate": "V1",
                "Source": "GND"
            }
        },
        {
            "component_type": "NMOS",
            "port_connection": {
                "Drain": "net5",
                "Gate": "V2",
                "Source": "net3"
            }
        },
        {
            "component_type": "NMOS",
            "port_connection": {
                "Drain": "net4",
                "Gate": "VIN+",
                "Source": "net5"
            }
        },
        {
            "component_type": "NMOS",
            "port_connection": {
                "Drain": "net16",
                "Gate": "VIN-",
                "Source": "net5"
            }
        },
        {
            "component_type": "PMOS",
            "port_connection": {
                "Drain": "VOUT\\+",
                "Gate": "net15",
                "Source": "net16"
            }
        },
        {
            "component_type": "PMOS",
            "port_connection": {
                "Drain": "VOUT\\-",
                "Gate": "net14",
                "Source": "net4"
            }
        },
        {
            "component_type": "PMOS",
            "port_connection": {
                "Drain": "net16",
                "Gate": "V3",
                "Source": "VDD"
            }
        },
        {
            "component_type": "PMOS",
            "port_connection": {
                "Drain": "net4",
                "Gate": "V3",
                "Source": "VDD"
            }
        },
        {
            "component_type": "Dido_amp",
            "port_connection": {
                "InN": "net11",
                "InP": "net8",
                "OutN": "net12",
                "OutP": "net13"
            }
        },
        {
            "component_type": "Dido_amp",
            "port_connection": {
                "InN": "net16",
                "InP": "net4",
                "OutN": "net14",
                "OutP": "net15"
            }
        }
    ],
    "ckt_type": "DIDO-Amplifier"
}