{
    "ckt_netlist": [
        {
            "component_type": "PMOS",
            "port_connection": {
                "Drain": "VOUT+",
                "Gate": "net7",
                "Source": "net4"
            }
        },
        {
            "component_type": "PMOS",
            "port_connection": {
                "Drain": "VOUT-",
                "Gate": "net6",
                "Source": "net3"
            }
        },
        {
            "component_type": "PMOS",
            "port_connection": {
                "Drain": "net4",
                "Gate": "V2",
                "Source": "VDD"
            }
        },
        {
            "component_type": "PMOS",
            "port_connection": {
                "Drain": "net3",
                "Gate": "V2",
                "Source": "VDD"
            }
        },
        {
            "component_type": "PMOS",
            "port_connection": {
                "Drain": "net1",
                "Gate": "VIN+",
                "Source": "net5"
            }
        },
        {
            "component_type": "PMOS",
            "port_connection": {
                "Drain": "net2",
                "Gate": "VIN-",
                "Source": "net5"
            }
        },
        {
            "component_type": "PMOS",
            "port_connection": {
                "Drain": "net5",
                "Gate": "V1",
                "Source": "VDD"
            }
        },
        {
            "component_type": "NMOS",
            "port_connection": {
                "Drain": "net2",
                "Gate": "VCMFB",
                "Source": "GND"
            }
        },
        {
            "component_type": "NMOS",
            "port_connection": {
                "Drain": "net1",
                "Gate": "VCMFB",
                "Source": "GND"
            }
        },
        {
            "component_type": "NMOS",
            "port_connection": {
                "Drain": "VOUT+",
                "Gate": "net9",
                "Source": "net2"
            }
        },
        {
            "component_type": "NMOS",
            "port_connection": {
                "Drain": "VOUT-",
                "Gate": "net8",
                "Source": "net1"
            }
        },
        {
            "component_type": "Dido_amp",
            "port_connection": {
                "InN": "net2",
                "InP": "net1",
                "OutN": "net8",
                "OutP": "net9"
            }
        },
        {
            "component_type": "Dido_amp",
            "port_connection": {
                "InN": "net4",
                "InP": "net3",
                "OutN": "net6",
                "OutP": "net7"
            }
        }
    ],
    "ckt_type": "DIDO-Amplifier"
}