{
    "ckt_netlist": [
        {
            "component_type": "PMOS",
            "port_connection": {
                "Drain": "net6",
                "Gate": "net22",
                "Source": "VCC"
            }
        },
        {
            "component_type": "PMOS",
            "port_connection": {
                "Body": "net22",
                "Drain": "net1",
                "Gate": "net2",
                "Source": "VCC"
            }
        },
        {
            "component_type": "PMOS",
            "port_connection": {
                "Drain": "net4",
                "Gate": "net2",
                "Source": "VCC"
            }
        },
        {
            "component_type": "PMOS",
            "port_connection": {
                "Drain": "net5",
                "Gate": "net2",
                "Source": "VCC"
            }
        },
        {
            "component_type": "Res",
            "port_connection": {
                "Neg": "GND",
                "Pos": "net6"
            }
        },
        {
            "component_type": "Res",
            "port_connection": {
                "Neg": "net6",
                "Pos": "VREF"
            }
        },
        {
            "component_type": "Res",
            "port_connection": {
                "Neg": "VREF",
                "Pos": "net1"
            }
        },
        {
            "component_type": "Res",
            "port_connection": {
                "Neg": "net3",
                "Pos": "net5"
            }
        },
        {
            "component_type": "Diso_amp",
            "port_connection": {
                "InN": "net4",
                "InP": "net5",
                "Out": "net2"
            }
        },
        {
            "component_type": "NPN",
            "port_connection": {
                "Base": "net1",
                "Collector": "net1",
                "Emitter": "GND"
            }
        },
        {
            "component_type": "NPN",
            "port_connection": {
                "Base": "net3",
                "Collector": "net3",
                "Emitter": "GND"
            }
        },
        {
            "component_type": "NPN",
            "port_connection": {
                "Base": "net4",
                "Collector": "net4",
                "Emitter": "GND"
            }
        }
    ],
    "ckt_type": "Bandgap"
}