{
    "ckt_netlist": [
        {
            "component_type": "NMOS",
            "port_connection": {
                "Body": "net5",
                "Drain": "net3",
                "Gate": "net3",
                "Source": "GND"
            }
        },
        {
            "component_type": "NMOS",
            "port_connection": {
                "Drain": "net4",
                "Gate": "vin+",
                "Source": "net2"
            }
        },
        {
            "component_type": "NMOS",
            "port_connection": {
                "Drain": "net1",
                "Gate": "vin-",
                "Source": "net2"
            }
        },
        {
            "component_type": "NMOS",
            "port_connection": {
                "Body": "GND",
                "Drain": "net2",
                "Gate": "net5",
                "Source": "GND"
            }
        },
        {
            "component_type": "PMOS",
            "port_connection": {
                "Drain": "net4",
                "Gate": "net1",
                "Source": "VDD"
            }
        },
        {
            "component_type": "PMOS",
            "port_connection": {
                "Drain": "net1",
                "Gate": "net1",
                "Source": "VDD"
            }
        },
        {
            "component_type": "Current",
            "port_connection": {
                "In": "VDD",
                "Out": "net3"
            }
        },
        {
            "component_type": "Cap",
            "port_connection": {
                "Neg": "GND",
                "Pos": "net4"
            }
        }
    ],
    "ckt_type": "DISO-Amplifier"
}