{
    "ckt_netlist": [
        {
            "component_type": "PMOS",
            "port_connection": {
                "Drain": "net2",
                "Gate": "CLK$2",
                "Source": "VDD1"
            }
        },
        {
            "component_type": "PMOS",
            "port_connection": {
                "Drain": "net3",
                "Gate": "CLK$2",
                "Source": "VDD1"
            }
        },
        {
            "component_type": "PMOS",
            "port_connection": {
                "Drain": "VOUT1",
                "Gate": "VOUT2",
                "Source": "net1"
            }
        },
        {
            "component_type": "PMOS",
            "port_connection": {
                "Drain": "VOUT2",
                "Gate": "VOUT1",
                "Source": "net1"
            }
        },
        {
            "component_type": "PMOS",
            "port_connection": {
                "Drain": "net1",
                "Gate": "CLK$3'",
                "Source": "VDD2"
            }
        },
        {
            "component_type": "NMOS",
            "port_connection": {
                "Drain": "net4",
                "Gate": "CLK$1",
                "Source": "GND"
            }
        },
        {
            "component_type": "NMOS",
            "port_connection": {
                "Drain": "net2",
                "Gate": "VIN1",
                "Source": "net4"
            }
        },
        {
            "component_type": "NMOS",
            "port_connection": {
                "Drain": "net3",
                "Gate": "VIN2",
                "Source": "net4"
            }
        },
        {
            "component_type": "NMOS",
            "port_connection": {
                "Drain": "VOUT1",
                "Gate": "net2",
                "Source": "GND"
            }
        },
        {
            "component_type": "NMOS",
            "port_connection": {
                "Drain": "VOUT2",
                "Gate": "net3",
                "Source": "GND"
            }
        },
        {
            "component_type": "NMOS",
            "port_connection": {
                "Drain": "VOUT1",
                "Gate": "VOUT2",
                "Source": "GND"
            }
        },
        {
            "component_type": "NMOS",
            "port_connection": {
                "Drain": "VOUT2",
                "Gate": "VOUT1",
                "Source": "GND"
            }
        }
    ],
    "ckt_type": "Comparator"
}